[2026-01-28T13:49:23.958Z] 🔄 Starting IMAP Sync for user: 1c18d7e3-bf99-4f65-a542-5a531ad74181
[2026-01-28T13:49:23.958Z] Connecting to imap.secureserver.net...
[2026-01-28T13:49:26.714Z] Connected. Opening INBOX...
[2026-01-28T13:49:27.487Z] Searching for messages...
[2026-01-28T13:49:28.809Z] 📩 Found 1 total messages on server. Processing last 1.
[2026-01-28T13:49:29.038Z] Checking msg: "Re: as" from tejaskpaisoftware@gmail.com
[2026-01-28T13:49:29.412Z] 📥 Importing: Re: as
[2026-01-28T13:49:31.072Z] ✅ Sync complete. Imported 1 messages.
[2026-01-28T14:14:57.703Z] 🔄 Starting IMAP Sync for user: 1c18d7e3-bf99-4f65-a542-5a531ad74181
[2026-01-28T14:14:57.703Z] Connecting to imap.secureserver.net...
[2026-01-28T14:15:00.392Z] Connected. Opening INBOX...
[2026-01-28T14:15:01.239Z] Searching for messages...
[2026-01-28T14:15:02.599Z] 📩 Found 2 total messages on server. Processing last 2.
[2026-01-28T14:15:03.380Z] Checking msg: "Re: as" from tejaskpaisoftware@gmail.com
[2026-01-28T14:15:03.761Z] ⏩ Skipping duplicate.
[2026-01-28T14:15:03.792Z] Checking msg: "Re: sd" from tejaskpaisoftware@gmail.com
[2026-01-28T14:15:03.969Z] 📥 Importing: Re: sd
[2026-01-28T14:15:05.615Z] ✅ Sync complete. Imported 1 messages.
[2026-05-01T09:32:09.872Z] 🔄 Starting IMAP Sync for user: 03794841-2f75-4984-89a2-bbec1c1d2d3b
[2026-05-01T09:32:09.873Z] Connecting to imap.secureserver.net...
[2026-05-01T09:32:13.256Z] ❌ IMAP Sync Error: Authentication failed.
[2026-05-01T09:32:13.259Z] ✅ Sync complete. Imported 0 messages.
